Archive member included to satisfy reference by file (symbol)

c:/program files (x86)/atmel/studio/7.0/toolchain/avr8/avr8-gnu-toolchain/bin/../lib/gcc/avr/5.4.0/avr5\libgcc.a(_exit.o)
                              c:/program files (x86)/atmel/studio/7.0/toolchain/avr8/avr8-gnu-toolchain/bin/../lib/gcc/avr/5.4.0/../../../../avr/lib/avr5/crtatmega328p.o (exit)
c:/program files (x86)/atmel/studio/7.0/toolchain/avr8/avr8-gnu-toolchain/bin/../lib/gcc/avr/5.4.0/avr5\libgcc.a(_copy_data.o)
                              ArduinoUnoFreertos.o (__do_copy_data)
c:/program files (x86)/atmel/studio/7.0/toolchain/avr8/avr8-gnu-toolchain/bin/../lib/gcc/avr/5.4.0/avr5\libgcc.a(_clear_bss.o)
                              Source/croutine.o (__do_clear_bss)
c:/program files (x86)/atmel/studio/7.0/toolchain/avr8/avr8-gnu-toolchain/bin/../lib/gcc/avr/5.4.0/../../../../avr/lib/avr5\libc.a(memcpy.o)
                              Source/queue.o (memcpy)

Discarded input sections

 .data          0x00000000        0x0 c:/program files (x86)/atmel/studio/7.0/toolchain/avr8/avr8-gnu-toolchain/bin/../lib/gcc/avr/5.4.0/../../../../avr/lib/avr5/crtatmega328p.o
 .bss           0x00000000        0x0 c:/program files (x86)/atmel/studio/7.0/toolchain/avr8/avr8-gnu-toolchain/bin/../lib/gcc/avr/5.4.0/../../../../avr/lib/avr5/crtatmega328p.o
 .group         0x00000000        0x8 ArduinoUnoFreertos.o
 .group         0x00000000        0x8 ArduinoUnoFreertos.o
 .group         0x00000000        0x8 ArduinoUnoFreertos.o
 .group         0x00000000        0x8 ArduinoUnoFreertos.o
 .group         0x00000000        0x8 ArduinoUnoFreertos.o
 .group         0x00000000        0x8 ArduinoUnoFreertos.o
 .group         0x00000000        0x8 ArduinoUnoFreertos.o
 .group         0x00000000        0x8 ArduinoUnoFreertos.o
 .group         0x00000000        0x8 ArduinoUnoFreertos.o
 .group         0x00000000        0x8 ArduinoUnoFreertos.o
 .group         0x00000000        0x8 ArduinoUnoFreertos.o
 .group         0x00000000        0x8 ArduinoUnoFreertos.o
 .group         0x00000000        0x8 ArduinoUnoFreertos.o
 .group         0x00000000        0x8 ArduinoUnoFreertos.o
 .group         0x00000000        0x8 ArduinoUnoFreertos.o
 .group         0x00000000        0x8 ArduinoUnoFreertos.o
 .group         0x00000000        0x8 ArduinoUnoFreertos.o
 .group         0x00000000        0x8 ArduinoUnoFreertos.o
 .group         0x00000000        0x8 ArduinoUnoFreertos.o
 .group         0x00000000        0x8 ArduinoUnoFreertos.o
 .group         0x00000000        0x8 ArduinoUnoFreertos.o
 .text          0x00000000        0x0 ArduinoUnoFreertos.o
 .data          0x00000000        0x0 ArduinoUnoFreertos.o
 .bss           0x00000000        0x0 ArduinoUnoFreertos.o
 .group         0x00000000        0x8 Source/croutine.o
 .group         0x00000000        0x8 Source/croutine.o
 .group         0x00000000        0x8 Source/croutine.o
 .group         0x00000000        0x8 Source/croutine.o
 .group         0x00000000        0x8 Source/croutine.o
 .group         0x00000000        0x8 Source/croutine.o
 .group         0x00000000        0x8 Source/croutine.o
 .group         0x00000000        0x8 Source/croutine.o
 .group         0x00000000        0x8 Source/croutine.o
 .group         0x00000000        0x8 Source/croutine.o
 .group         0x00000000        0x8 Source/croutine.o
 .group         0x00000000        0x8 Source/croutine.o
 .group         0x00000000        0x8 Source/croutine.o
 .group         0x00000000        0x8 Source/croutine.o
 .group         0x00000000        0x8 Source/croutine.o
 .group         0x00000000        0x8 Source/croutine.o
 .group         0x00000000        0x8 Source/croutine.o
 .group         0x00000000        0x8 Source/croutine.o
 .group         0x00000000        0x8 Source/croutine.o
 .group         0x00000000        0x8 Source/croutine.o
 .group         0x00000000        0x8 Source/croutine.o
 .group         0x00000000        0x8 Source/croutine.o
 .text          0x00000000        0x0 Source/croutine.o
 .data          0x00000000        0x0 Source/croutine.o
 .bss           0x00000000        0x0 Source/croutine.o
 .text.xCoRoutineCreate
                0x00000000       0xf0 Source/croutine.o
 .text.vCoRoutineAddToDelayedList
                0x00000000       0x86 Source/croutine.o
 .text.vCoRoutineSchedule
                0x00000000      0x274 Source/croutine.o
 .text.xCoRoutineRemoveFromEventList
                0x00000000       0x4a Source/croutine.o
 .bss.xPassedTicks
                0x00000000        0x2 Source/croutine.o
 .bss.xLastTickCount
                0x00000000        0x2 Source/croutine.o
 .bss.xCoRoutineTickCount
                0x00000000        0x2 Source/croutine.o
 .bss.uxTopCoRoutineReadyPriority
                0x00000000        0x1 Source/croutine.o
 .bss.pxCurrentCoRoutine
                0x00000000        0x2 Source/croutine.o
 .bss.xPendingReadyCoRoutineList
                0x00000000        0x9 Source/croutine.o
 .bss.pxOverflowDelayedCoRoutineList
                0x00000000        0x2 Source/croutine.o
 .bss.pxDelayedCoRoutineList
                0x00000000        0x2 Source/croutine.o
 .bss.xDelayedCoRoutineList2
                0x00000000        0x9 Source/croutine.o
 .bss.xDelayedCoRoutineList1
                0x00000000        0x9 Source/croutine.o
 .bss.pxReadyCoRoutineLists
                0x00000000       0x12 Source/croutine.o
 .debug_info    0x00000000      0x781 Source/croutine.o
 .debug_abbrev  0x00000000      0x22e Source/croutine.o
 .debug_loc     0x00000000      0x3eb Source/croutine.o
 .debug_aranges
                0x00000000       0x38 Source/croutine.o
 .debug_ranges  0x00000000       0x28 Source/croutine.o
 .debug_macro   0x00000000      0x11c Source/croutine.o
 .debug_macro   0x00000000      0xa48 Source/croutine.o
 .debug_macro   0x00000000       0x8e Source/croutine.o
 .debug_macro   0x00000000      0x16d Source/croutine.o
 .debug_macro   0x00000000      0x1c9 Source/croutine.o
 .debug_macro   0x00000000       0x5e Source/croutine.o
 .debug_macro   0x00000000       0x10 Source/croutine.o
 .debug_macro   0x00000000      0x302 Source/croutine.o
 .debug_macro   0x00000000       0x9e Source/croutine.o
 .debug_macro   0x00000000     0x1410 Source/croutine.o
 .debug_macro   0x00000000      0x13a Source/croutine.o
 .debug_macro   0x00000000       0xbd Source/croutine.o
 .debug_macro   0x00000000       0x34 Source/croutine.o
 .debug_macro   0x00000000       0x18 Source/croutine.o
 .debug_macro   0x00000000       0x6c Source/croutine.o
 .debug_macro   0x00000000       0x69 Source/croutine.o
 .debug_macro   0x00000000       0x7e Source/croutine.o
 .debug_macro   0x00000000       0x10 Source/croutine.o
 .debug_macro   0x00000000       0x1f Source/croutine.o
 .debug_macro   0x00000000      0x409 Source/croutine.o
 .debug_macro   0x00000000       0xc0 Source/croutine.o
 .debug_macro   0x00000000       0x43 Source/croutine.o
 .debug_macro   0x00000000       0x8c Source/croutine.o
 .debug_line    0x00000000      0x4f7 Source/croutine.o
 .debug_str     0x00000000     0xa4f0 Source/croutine.o
 .comment       0x00000000       0x31 Source/croutine.o
 .debug_frame   0x00000000       0xc0 Source/croutine.o
 .group         0x00000000        0x8 Source/event_groups.o
 .group         0x00000000        0x8 Source/event_groups.o
 .group         0x00000000        0x8 Source/event_groups.o
 .group         0x00000000        0x8 Source/event_groups.o
 .group         0x00000000        0x8 Source/event_groups.o
 .group         0x00000000        0x8 Source/event_groups.o
 .group         0x00000000        0x8 Source/event_groups.o
 .group         0x00000000        0x8 Source/event_groups.o
 .group         0x00000000        0x8 Source/event_groups.o
 .group         0x00000000        0x8 Source/event_groups.o
 .group         0x00000000        0x8 Source/event_groups.o
 .group         0x00000000        0x8 Source/event_groups.o
 .group         0x00000000        0x8 Source/event_groups.o
 .group         0x00000000        0x8 Source/event_groups.o
 .group         0x00000000        0x8 Source/event_groups.o
 .group         0x00000000        0x8 Source/event_groups.o
 .group         0x00000000        0x8 Source/event_groups.o
 .group         0x00000000        0x8 Source/event_groups.o
 .group         0x00000000        0x8 Source/event_groups.o
 .group         0x00000000        0x8 Source/event_groups.o
 .group         0x00000000        0x8 Source/event_groups.o
 .group         0x00000000        0x8 Source/event_groups.o
 .group         0x00000000        0x8 Source/event_groups.o
 .group         0x00000000        0x8 Source/event_groups.o
 .group         0x00000000        0x8 Source/event_groups.o
 .group         0x00000000        0x8 Source/event_groups.o
 .text          0x00000000        0x0 Source/event_groups.o
 .data          0x00000000        0x0 Source/event_groups.o
 .bss           0x00000000        0x0 Source/event_groups.o
 .text.xEventGroupCreate
                0x00000000       0x26 Source/event_groups.o
 .text.xEventGroupWaitBits
                0x00000000      0x110 Source/event_groups.o
 .text.xEventGroupClearBits
                0x00000000       0x1e Source/event_groups.o
 .text.xEventGroupGetBitsFromISR
                0x00000000        0x8 Source/event_groups.o
 .text.xEventGroupSetBits
                0x00000000       0xdc Source/event_groups.o
 .text.xEventGroupSync
                0x00000000       0xd2 Source/event_groups.o
 .text.vEventGroupDelete
                0x00000000       0x32 Source/event_groups.o
 .text.vEventGroupSetBitsCallback
                0x00000000        0x8 Source/event_groups.o
 .text.vEventGroupClearBitsCallback
                0x00000000        0x8 Source/event_groups.o
 .debug_info    0x00000000      0x8f1 Source/event_groups.o
 .debug_abbrev  0x00000000      0x208 Source/event_groups.o
 .debug_loc     0x00000000      0xb40 Source/event_groups.o
 .debug_aranges
                0x00000000       0x60 Source/event_groups.o
 .debug_ranges  0x00000000       0x68 Source/event_groups.o
 .debug_macro   0x00000000      0x15e Source/event_groups.o
 .debug_macro   0x00000000      0xa48 Source/event_groups.o
 .debug_macro   0x00000000       0x1c Source/event_groups.o
 .debug_macro   0x00000000      0x10e Source/event_groups.o
 .debug_macro   0x00000000       0x66 Source/event_groups.o
 .debug_macro   0x00000000       0x8e Source/event_groups.o
 .debug_macro   0x00000000       0x86 Source/event_groups.o
 .debug_macro   0x00000000      0x1c9 Source/event_groups.o
 .debug_macro   0x00000000       0x5e Source/event_groups.o
 .debug_macro   0x00000000       0x10 Source/event_groups.o
 .debug_macro   0x00000000      0x302 Source/event_groups.o
 .debug_macro   0x00000000       0x9e Source/event_groups.o
 .debug_macro   0x00000000     0x1410 Source/event_groups.o
 .debug_macro   0x00000000      0x13a Source/event_groups.o
 .debug_macro   0x00000000       0xbd Source/event_groups.o
 .debug_macro   0x00000000       0x34 Source/event_groups.o
 .debug_macro   0x00000000       0x18 Source/event_groups.o
 .debug_macro   0x00000000       0x6c Source/event_groups.o
 .debug_macro   0x00000000       0x69 Source/event_groups.o
 .debug_macro   0x00000000       0x7e Source/event_groups.o
 .debug_macro   0x00000000       0x10 Source/event_groups.o
 .debug_macro   0x00000000       0x1f Source/event_groups.o
 .debug_macro   0x00000000      0x409 Source/event_groups.o
 .debug_macro   0x00000000       0xc0 Source/event_groups.o
 .debug_macro   0x00000000       0x8c Source/event_groups.o
 .debug_macro   0x00000000       0x91 Source/event_groups.o
 .debug_macro   0x00000000       0x19 Source/event_groups.o
 .debug_line    0x00000000      0x59a Source/event_groups.o
 .debug_str     0x00000000     0xaa8e Source/event_groups.o
 .comment       0x00000000       0x31 Source/event_groups.o
 .debug_frame   0x00000000      0x158 Source/event_groups.o
 .group         0x00000000        0x8 Source/list.o
 .group         0x00000000        0x8 Source/list.o
 .group         0x00000000        0x8 Source/list.o
 .group         0x00000000        0x8 Source/list.o
 .group         0x00000000        0x8 Source/list.o
 .group         0x00000000        0x8 Source/list.o
 .group         0x00000000        0x8 Source/list.o
 .group         0x00000000        0x8 Source/list.o
 .group         0x00000000        0x8 Source/list.o
 .group         0x00000000        0x8 Source/list.o
 .group         0x00000000        0x8 Source/list.o
 .group         0x00000000        0x8 Source/list.o
 .group         0x00000000        0x8 Source/list.o
 .group         0x00000000        0x8 Source/list.o
 .group         0x00000000        0x8 Source/list.o
 .group         0x00000000        0x8 Source/list.o
 .group         0x00000000        0x8 Source/list.o
 .group         0x00000000        0x8 Source/list.o
 .group         0x00000000        0x8 Source/list.o
 .group         0x00000000        0x8 Source/list.o
 .group         0x00000000        0x8 Source/list.o
 .group         0x00000000        0x8 Source/list.o
 .group         0x00000000        0x8 Source/list.o
 .text          0x00000000        0x0 Source/list.o
 .data          0x00000000        0x0 Source/list.o
 .bss           0x00000000        0x0 Source/list.o
 .debug_macro   0x00000000      0xa48 Source/list.o
 .debug_macro   0x00000000       0x8e Source/list.o
 .debug_macro   0x00000000      0x16d Source/list.o
 .debug_macro   0x00000000      0x1c9 Source/list.o
 .debug_macro   0x00000000       0x5e Source/list.o
 .debug_macro   0x00000000       0x10 Source/list.o
 .debug_macro   0x00000000      0x302 Source/list.o
 .debug_macro   0x00000000       0x9e Source/list.o
 .debug_macro   0x00000000     0x1410 Source/list.o
 .debug_macro   0x00000000      0x13a Source/list.o
 .debug_macro   0x00000000       0xbd Source/list.o
 .debug_macro   0x00000000       0x34 Source/list.o
 .debug_macro   0x00000000       0x18 Source/list.o
 .debug_macro   0x00000000       0x6c Source/list.o
 .debug_macro   0x00000000       0x69 Source/list.o
 .debug_macro   0x00000000       0x7e Source/list.o
 .debug_macro   0x00000000       0x10 Source/list.o
 .debug_macro   0x00000000       0x1f Source/list.o
 .debug_macro   0x00000000      0x409 Source/list.o
 .debug_macro   0x00000000       0xc0 Source/list.o
 .debug_macro   0x00000000       0x1c Source/list.o
 .debug_macro   0x00000000       0x66 Source/list.o
 .group         0x00000000        0x8 Source/portable/GCC/Atmega328p/port.o
 .group         0x00000000        0x8 Source/portable/GCC/Atmega328p/port.o
 .group         0x00000000        0x8 Source/portable/GCC/Atmega328p/port.o
 .group         0x00000000        0x8 Source/portable/GCC/Atmega328p/port.o
 .group         0x00000000        0x8 Source/portable/GCC/Atmega328p/port.o
 .group         0x00000000        0x8 Source/portable/GCC/Atmega328p/port.o
 .group         0x00000000        0x8 Source/portable/GCC/Atmega328p/port.o
 .group         0x00000000        0x8 Source/portable/GCC/Atmega328p/port.o
 .group         0x00000000        0x8 Source/portable/GCC/Atmega328p/port.o
 .group         0x00000000        0x8 Source/portable/GCC/Atmega328p/port.o
 .group         0x00000000        0x8 Source/portable/GCC/Atmega328p/port.o
 .group         0x00000000        0x8 Source/portable/GCC/Atmega328p/port.o
 .group         0x00000000        0x8 Source/portable/GCC/Atmega328p/port.o
 .group         0x00000000        0x8 Source/portable/GCC/Atmega328p/port.o
 .group         0x00000000        0x8 Source/portable/GCC/Atmega328p/port.o
 .group         0x00000000        0x8 Source/portable/GCC/Atmega328p/port.o
 .group         0x00000000        0x8 Source/portable/GCC/Atmega328p/port.o
 .group         0x00000000        0x8 Source/portable/GCC/Atmega328p/port.o
 .group         0x00000000        0x8 Source/portable/GCC/Atmega328p/port.o
 .group         0x00000000        0x8 Source/portable/GCC/Atmega328p/port.o
 .group         0x00000000        0x8 Source/portable/GCC/Atmega328p/port.o
 .group         0x00000000        0x8 Source/portable/GCC/Atmega328p/port.o
 .group         0x00000000        0x8 Source/portable/GCC/Atmega328p/port.o
 .group         0x00000000        0x8 Source/portable/GCC/Atmega328p/port.o
 .text          0x00000000        0x0 Source/portable/GCC/Atmega328p/port.o
 .data          0x00000000        0x0 Source/portable/GCC/Atmega328p/port.o
 .bss           0x00000000        0x0 Source/portable/GCC/Atmega328p/port.o
 .text.vPortEndScheduler
                0x00000000        0x2 Source/portable/GCC/Atmega328p/port.o
 .debug_macro   0x00000000      0xa48 Source/portable/GCC/Atmega328p/port.o
 .debug_macro   0x00000000       0x1c Source/portable/GCC/Atmega328p/port.o
 .debug_macro   0x00000000      0x10e Source/portable/GCC/Atmega328p/port.o
 .debug_macro   0x00000000       0x66 Source/portable/GCC/Atmega328p/port.o
 .debug_macro   0x00000000       0x8e Source/portable/GCC/Atmega328p/port.o
 .debug_macro   0x00000000       0x86 Source/portable/GCC/Atmega328p/port.o
 .debug_macro   0x00000000      0x1c9 Source/portable/GCC/Atmega328p/port.o
 .debug_macro   0x00000000       0x5e Source/portable/GCC/Atmega328p/port.o
 .debug_macro   0x00000000       0x10 Source/portable/GCC/Atmega328p/port.o
 .debug_macro   0x00000000      0x302 Source/portable/GCC/Atmega328p/port.o
 .debug_macro   0x00000000       0x9e Source/portable/GCC/Atmega328p/port.o
 .debug_macro   0x00000000     0x1410 Source/portable/GCC/Atmega328p/port.o
 .debug_macro   0x00000000      0x13a Source/portable/GCC/Atmega328p/port.o
 .debug_macro   0x00000000       0xbd Source/portable/GCC/Atmega328p/port.o
 .debug_macro   0x00000000       0x34 Source/portable/GCC/Atmega328p/port.o
 .debug_macro   0x00000000       0x18 Source/portable/GCC/Atmega328p/port.o
 .debug_macro   0x00000000       0x6c Source/portable/GCC/Atmega328p/port.o
 .debug_macro   0x00000000       0x69 Source/portable/GCC/Atmega328p/port.o
 .debug_macro   0x00000000       0x7e Source/portable/GCC/Atmega328p/port.o
 .debug_macro   0x00000000       0x10 Source/portable/GCC/Atmega328p/port.o
 .debug_macro   0x00000000       0x1f Source/portable/GCC/Atmega328p/port.o
 .debug_macro   0x00000000      0x409 Source/portable/GCC/Atmega328p/port.o
 .debug_macro   0x00000000       0xc0 Source/portable/GCC/Atmega328p/port.o
 .debug_macro   0x00000000       0x8c Source/portable/GCC/Atmega328p/port.o
 .group         0x00000000        0x8 Source/portable/MemMang/heap_2.o
 .group         0x00000000        0x8 Source/portable/MemMang/heap_2.o
 .group         0x00000000        0x8 Source/portable/MemMang/heap_2.o
 .group         0x00000000        0x8 Source/portable/MemMang/heap_2.o
 .group         0x00000000        0x8 Source/portable/MemMang/heap_2.o
 .group         0x00000000        0x8 Source/portable/MemMang/heap_2.o
 .group         0x00000000        0x8 Source/portable/MemMang/heap_2.o
 .group         0x00000000        0x8 Source/portable/MemMang/heap_2.o
 .group         0x00000000        0x8 Source/portable/MemMang/heap_2.o
 .group         0x00000000        0x8 Source/portable/MemMang/heap_2.o
 .group         0x00000000        0x8 Source/portable/MemMang/heap_2.o
 .group         0x00000000        0x8 Source/portable/MemMang/heap_2.o
 .group         0x00000000        0x8 Source/portable/MemMang/heap_2.o
 .group         0x00000000        0x8 Source/portable/MemMang/heap_2.o
 .group         0x00000000        0x8 Source/portable/MemMang/heap_2.o
 .group         0x00000000        0x8 Source/portable/MemMang/heap_2.o
 .group         0x00000000        0x8 Source/portable/MemMang/heap_2.o
 .group         0x00000000        0x8 Source/portable/MemMang/heap_2.o
 .group         0x00000000        0x8 Source/portable/MemMang/heap_2.o
 .group         0x00000000        0x8 Source/portable/MemMang/heap_2.o
 .group         0x00000000        0x8 Source/portable/MemMang/heap_2.o
 .group         0x00000000        0x8 Source/portable/MemMang/heap_2.o
 .group         0x00000000        0x8 Source/portable/MemMang/heap_2.o
 .group         0x00000000        0x8 Source/portable/MemMang/heap_2.o
 .text          0x00000000        0x0 Source/portable/MemMang/heap_2.o
 .data          0x00000000        0x0 Source/portable/MemMang/heap_2.o
 .bss           0x00000000        0x0 Source/portable/MemMang/heap_2.o
 .text.xPortGetFreeHeapSize
                0x00000000        0xa Source/portable/MemMang/heap_2.o
 .text.vPortInitialiseBlocks
                0x00000000        0x2 Source/portable/MemMang/heap_2.o
 .debug_macro   0x00000000      0xa48 Source/portable/MemMang/heap_2.o
 .debug_macro   0x00000000       0x1c Source/portable/MemMang/heap_2.o
 .debug_macro   0x00000000      0x10e Source/portable/MemMang/heap_2.o
 .debug_macro   0x00000000       0x66 Source/portable/MemMang/heap_2.o
 .debug_macro   0x00000000       0x8e Source/portable/MemMang/heap_2.o
 .debug_macro   0x00000000       0x86 Source/portable/MemMang/heap_2.o
 .debug_macro   0x00000000      0x1c9 Source/portable/MemMang/heap_2.o
 .debug_macro   0x00000000       0x5e Source/portable/MemMang/heap_2.o
 .debug_macro   0x00000000       0x10 Source/portable/MemMang/heap_2.o
 .debug_macro   0x00000000      0x302 Source/portable/MemMang/heap_2.o
 .debug_macro   0x00000000       0x9e Source/portable/MemMang/heap_2.o
 .debug_macro   0x00000000     0x1410 Source/portable/MemMang/heap_2.o
 .debug_macro   0x00000000      0x13a Source/portable/MemMang/heap_2.o
 .debug_macro   0x00000000       0xbd Source/portable/MemMang/heap_2.o
 .debug_macro   0x00000000       0x34 Source/portable/MemMang/heap_2.o
 .debug_macro   0x00000000       0x18 Source/portable/MemMang/heap_2.o
 .debug_macro   0x00000000       0x6c Source/portable/MemMang/heap_2.o
 .debug_macro   0x00000000       0x69 Source/portable/MemMang/heap_2.o
 .debug_macro   0x00000000       0x7e Source/portable/MemMang/heap_2.o
 .debug_macro   0x00000000       0x10 Source/portable/MemMang/heap_2.o
 .debug_macro   0x00000000       0x1f Source/portable/MemMang/heap_2.o
 .debug_macro   0x00000000      0x409 Source/portable/MemMang/heap_2.o
 .debug_macro   0x00000000       0xc0 Source/portable/MemMang/heap_2.o
 .debug_macro   0x00000000       0x8c Source/portable/MemMang/heap_2.o
 .group         0x00000000        0x8 Source/queue.o
 .group         0x00000000        0x8 Source/queue.o
 .group         0x00000000        0x8 Source/queue.o
 .group         0x00000000        0x8 Source/queue.o
 .group         0x00000000        0x8 Source/queue.o
 .group         0x00000000        0x8 Source/queue.o
 .group         0x00000000        0x8 Source/queue.o
 .group         0x00000000        0x8 Source/queue.o
 .group         0x00000000        0x8 Source/queue.o
 .group         0x00000000        0x8 Source/queue.o
 .group         0x00000000        0x8 Source/queue.o
 .group         0x00000000        0x8 Source/queue.o
 .group         0x00000000        0x8 Source/queue.o
 .group         0x00000000        0x8 Source/queue.o
 .group         0x00000000        0x8 Source/queue.o
 .group         0x00000000        0x8 Source/queue.o
 .group         0x00000000        0x8 Source/queue.o
 .group         0x00000000        0x8 Source/queue.o
 .group         0x00000000        0x8 Source/queue.o
 .group         0x00000000        0x8 Source/queue.o
 .group         0x00000000        0x8 Source/queue.o
 .group         0x00000000        0x8 Source/queue.o
 .group         0x00000000        0x8 Source/queue.o
 .group         0x00000000        0x8 Source/queue.o
 .group         0x00000000        0x8 Source/queue.o
 .group         0x00000000        0x8 Source/queue.o
 .group         0x00000000        0x8 Source/queue.o
 .group         0x00000000        0x8 Source/queue.o
 .text          0x00000000        0x0 Source/queue.o
 .data          0x00000000        0x0 Source/queue.o
 .bss           0x00000000        0x0 Source/queue.o
 .text.prvCopyDataToQueue
                0x00000000       0x96 Source/queue.o
 .text.prvCopyDataFromQueue
                0x00000000       0x34 Source/queue.o
 .text.prvUnlockQueue
                0x00000000       0x98 Source/queue.o
 .text.xQueueGenericReset
                0x00000000       0x7a Source/queue.o
 .text.xQueueGenericCreate
                0x00000000       0x58 Source/queue.o
 .text.xQueueGenericSend
                0x00000000      0x142 Source/queue.o
 .text.xQueueGenericSendFromISR
                0x00000000       0x70 Source/queue.o
 .text.xQueueGiveFromISR
                0x00000000       0x56 Source/queue.o
 .text.xQueueGenericReceive
                0x00000000      0x158 Source/queue.o
 .text.xQueueReceiveFromISR
                0x00000000       0x66 Source/queue.o
 .text.xQueuePeekFromISR
                0x00000000       0x2e Source/queue.o
 .text.uxQueueMessagesWaiting
                0x00000000       0x10 Source/queue.o
 .text.uxQueueSpacesAvailable
                0x00000000       0x14 Source/queue.o
 .text.uxQueueMessagesWaitingFromISR
                0x00000000        0x6 Source/queue.o
 .text.vQueueDelete
                0x00000000        0x6 Source/queue.o
 .text.xQueueIsQueueEmptyFromISR
                0x00000000        0xc Source/queue.o
 .text.xQueueIsQueueFullFromISR
                0x00000000        0xe Source/queue.o
 .text.xQueueCRSend
                0x00000000       0x72 Source/queue.o
 .text.xQueueCRReceive
                0x00000000       0x92 Source/queue.o
 .text.xQueueCRSendFromISR
                0x00000000       0x48 Source/queue.o
 .text.xQueueCRReceiveFromISR
                0x00000000       0x82 Source/queue.o
 .debug_info    0x00000000     0x121f Source/queue.o
 .debug_abbrev  0x00000000      0x238 Source/queue.o
 .debug_loc     0x00000000     0x18d0 Source/queue.o
 .debug_aranges
                0x00000000       0xc0 Source/queue.o
 .debug_ranges  0x00000000       0xb0 Source/queue.o
 .debug_macro   0x00000000      0x18b Source/queue.o
 .debug_macro   0x00000000      0xa48 Source/queue.o
 .debug_macro   0x00000000       0x1c Source/queue.o
 .debug_macro   0x00000000      0x10e Source/queue.o
 .debug_macro   0x00000000       0x66 Source/queue.o
 .debug_macro   0x00000000       0x16 Source/queue.o
 .debug_macro   0x00000000       0x20 Source/queue.o
 .debug_macro   0x00000000       0x8e Source/queue.o
 .debug_macro   0x00000000       0x86 Source/queue.o
 .debug_macro   0x00000000      0x1c9 Source/queue.o
 .debug_macro   0x00000000       0x5e Source/queue.o
 .debug_macro   0x00000000       0x10 Source/queue.o
 .debug_macro   0x00000000      0x302 Source/queue.o
 .debug_macro   0x00000000       0x9e Source/queue.o
 .debug_macro   0x00000000     0x1410 Source/queue.o
 .debug_macro   0x00000000      0x13a Source/queue.o
 .debug_macro   0x00000000       0xbd Source/queue.o
 .debug_macro   0x00000000       0x34 Source/queue.o
 .debug_macro   0x00000000       0x18 Source/queue.o
 .debug_macro   0x00000000       0x6c Source/queue.o
 .debug_macro   0x00000000       0x69 Source/queue.o
 .debug_macro   0x00000000       0x7e Source/queue.o
 .debug_macro   0x00000000       0x10 Source/queue.o
 .debug_macro   0x00000000       0x1f Source/queue.o
 .debug_macro   0x00000000      0x409 Source/queue.o
 .debug_macro   0x00000000       0xc0 Source/queue.o
 .debug_macro   0x00000000       0x8c Source/queue.o
 .debug_macro   0x00000000       0xb0 Source/queue.o
 .debug_macro   0x00000000       0x43 Source/queue.o
 .debug_line    0x00000000      0xb1d Source/queue.o
 .debug_str     0x00000000     0xb5ec Source/queue.o
 .comment       0x00000000       0x31 Source/queue.o
 .debug_frame   0x00000000      0x2ac Source/queue.o
 .group         0x00000000        0x8 Source/tasks.o
 .group         0x00000000        0x8 Source/tasks.o
 .group         0x00000000        0x8 Source/tasks.o
 .group         0x00000000        0x8 Source/tasks.o
 .group         0x00000000        0x8 Source/tasks.o
 .group         0x00000000        0x8 Source/tasks.o
 .group         0x00000000        0x8 Source/tasks.o
 .group         0x00000000        0x8 Source/tasks.o
 .group         0x00000000        0x8 Source/tasks.o
 .group         0x00000000        0x8 Source/tasks.o
 .group         0x00000000        0x8 Source/tasks.o
 .group         0x00000000        0x8 Source/tasks.o
 .group         0x00000000        0x8 Source/tasks.o
 .group         0x00000000        0x8 Source/tasks.o
 .group         0x00000000        0x8 Source/tasks.o
 .group         0x00000000        0x8 Source/tasks.o
 .group         0x00000000        0x8 Source/tasks.o
 .group         0x00000000        0x8 Source/tasks.o
 .group         0x00000000        0x8 Source/tasks.o
 .group         0x00000000        0x8 Source/tasks.o
 .group         0x00000000        0x8 Source/tasks.o
 .group         0x00000000        0x8 Source/tasks.o
 .group         0x00000000        0x8 Source/tasks.o
 .group         0x00000000        0x8 Source/tasks.o
 .group         0x00000000        0x8 Source/tasks.o
 .group         0x00000000        0x8 Source/tasks.o
 .group         0x00000000        0x8 Source/tasks.o
 .group         0x00000000        0x8 Source/tasks.o
 .text          0x00000000        0x0 Source/tasks.o
 .data          0x00000000        0x0 Source/tasks.o
 .bss           0x00000000        0x0 Source/tasks.o
 .text.vTaskDelete
                0x00000000       0x8e Source/tasks.o
 .text.vTaskEndScheduler
                0x00000000        0xc Source/tasks.o
 .text.xTaskGetTickCountFromISR
                0x00000000        0xa Source/tasks.o
 .text.uxTaskGetNumberOfTasks
                0x00000000        0x6 Source/tasks.o
 .text.vTaskDelay
                0x00000000       0x40 Source/tasks.o
 .text.vTaskPlaceOnEventList
                0x00000000       0x3a Source/tasks.o
 .text.vTaskPlaceOnUnorderedEventList
                0x00000000       0x48 Source/tasks.o
 .text.xTaskRemoveFromEventList
                0x00000000       0x90 Source/tasks.o
 .text.xTaskRemoveFromUnorderedEventList
                0x00000000       0x74 Source/tasks.o
 .text.vTaskSetTimeOutState
                0x00000000       0x16 Source/tasks.o
 .text.xTaskCheckForTimeOut
                0x00000000       0x64 Source/tasks.o
 .text.vTaskMissedYield
                0x00000000        0x8 Source/tasks.o
 .text.uxTaskResetEventItemValue
                0x00000000       0x2e Source/tasks.o
 .text.ulTaskNotifyTake
                0x00000000       0xce Source/tasks.o
 .text.xTaskNotifyWait
                0x00000000      0x11e Source/tasks.o
 .text.xTaskGenericNotify
                0x00000000       0xfc Source/tasks.o
 .text.xTaskNotifyFromISR
                0x00000000      0x110 Source/tasks.o
 .text.vTaskNotifyGiveFromISR
                0x00000000       0xae Source/tasks.o
 .debug_macro   0x00000000      0xa48 Source/tasks.o
 .debug_macro   0x00000000       0x1c Source/tasks.o
 .debug_macro   0x00000000      0x10e Source/tasks.o
 .debug_macro   0x00000000       0x66 Source/tasks.o
 .debug_macro   0x00000000       0x16 Source/tasks.o
 .debug_macro   0x00000000       0x20 Source/tasks.o
 .debug_macro   0x00000000       0x8e Source/tasks.o
 .debug_macro   0x00000000       0x86 Source/tasks.o
 .debug_macro   0x00000000      0x1c9 Source/tasks.o
 .debug_macro   0x00000000       0x5e Source/tasks.o
 .debug_macro   0x00000000       0x10 Source/tasks.o
 .debug_macro   0x00000000      0x302 Source/tasks.o
 .debug_macro   0x00000000       0x9e Source/tasks.o
 .debug_macro   0x00000000     0x1410 Source/tasks.o
 .debug_macro   0x00000000      0x13a Source/tasks.o
 .debug_macro   0x00000000       0xbd Source/tasks.o
 .debug_macro   0x00000000       0x34 Source/tasks.o
 .debug_macro   0x00000000       0x18 Source/tasks.o
 .debug_macro   0x00000000       0x6c Source/tasks.o
 .debug_macro   0x00000000       0x69 Source/tasks.o
 .debug_macro   0x00000000       0x7e Source/tasks.o
 .debug_macro   0x00000000       0x10 Source/tasks.o
 .debug_macro   0x00000000       0x1f Source/tasks.o
 .debug_macro   0x00000000      0x409 Source/tasks.o
 .debug_macro   0x00000000       0xc0 Source/tasks.o
 .debug_macro   0x00000000       0x8c Source/tasks.o
 .debug_macro   0x00000000       0x91 Source/tasks.o
 .group         0x00000000        0x8 Source/timers.o
 .group         0x00000000        0x8 Source/timers.o
 .group         0x00000000        0x8 Source/timers.o
 .group         0x00000000        0x8 Source/timers.o
 .group         0x00000000        0x8 Source/timers.o
 .group         0x00000000        0x8 Source/timers.o
 .group         0x00000000        0x8 Source/timers.o
 .group         0x00000000        0x8 Source/timers.o
 .group         0x00000000        0x8 Source/timers.o
 .group         0x00000000        0x8 Source/timers.o
 .group         0x00000000        0x8 Source/timers.o
 .group         0x00000000        0x8 Source/timers.o
 .group         0x00000000        0x8 Source/timers.o
 .group         0x00000000        0x8 Source/timers.o
 .group         0x00000000        0x8 Source/timers.o
 .group         0x00000000        0x8 Source/timers.o
 .group         0x00000000        0x8 Source/timers.o
 .group         0x00000000        0x8 Source/timers.o
 .group         0x00000000        0x8 Source/timers.o
 .group         0x00000000        0x8 Source/timers.o
 .group         0x00000000        0x8 Source/timers.o
 .group         0x00000000        0x8 Source/timers.o
 .group         0x00000000        0x8 Source/timers.o
 .group         0x00000000        0x8 Source/timers.o
 .group         0x00000000        0x8 Source/timers.o
 .group         0x00000000        0x8 Source/timers.o
 .text          0x00000000        0x0 Source/timers.o
 .data          0x00000000        0x0 Source/timers.o
 .bss           0x00000000        0x0 Source/timers.o
 .debug_info    0x00000000       0x68 Source/timers.o
 .debug_abbrev  0x00000000       0x29 Source/timers.o
 .debug_aranges
                0x00000000       0x18 Source/timers.o
 .debug_macro   0x00000000      0x13c Source/timers.o
 .debug_macro   0x00000000      0xa48 Source/timers.o
 .debug_macro   0x00000000       0x1c Source/timers.o
 .debug_macro   0x00000000      0x10e Source/timers.o
 .debug_macro   0x00000000       0x66 Source/timers.o
 .debug_macro   0x00000000       0x8e Source/timers.o
 .debug_macro   0x00000000       0x86 Source/timers.o
 .debug_macro   0x00000000      0x1c9 Source/timers.o
 .debug_macro   0x00000000       0x5e Source/timers.o
 .debug_macro   0x00000000       0x10 Source/timers.o
 .debug_macro   0x00000000      0x302 Source/timers.o
 .debug_macro   0x00000000       0x9e Source/timers.o
 .debug_macro   0x00000000     0x1410 Source/timers.o
 .debug_macro   0x00000000      0x13a Source/timers.o
 .debug_macro   0x00000000       0xbd Source/timers.o
 .debug_macro   0x00000000       0x34 Source/timers.o
 .debug_macro   0x00000000       0x18 Source/timers.o
 .debug_macro   0x00000000       0x6c Source/timers.o
 .debug_macro   0x00000000       0x69 Source/timers.o
 .debug_macro   0x00000000       0x7e Source/timers.o
 .debug_macro   0x00000000       0x10 Source/timers.o
 .debug_macro   0x00000000       0x1f Source/timers.o
 .debug_macro   0x00000000      0x409 Source/timers.o
 .debug_macro   0x00000000       0xc0 Source/timers.o
 .debug_macro   0x00000000       0x8c Source/timers.o
 .debug_macro   0x00000000       0xb0 Source/timers.o
 .debug_macro   0x00000000       0x91 Source/timers.o
 .debug_line    0x00000000      0x2cd Source/timers.o
 .debug_str     0x00000000     0xae1c Source/timers.o
 .comment       0x00000000       0x31 Source/timers.o
 .group         0x00000000        0x8 src/ASF/mega/boards/atmega328p_xplained_mini/init.o
 .group         0x00000000        0x8 src/ASF/mega/boards/atmega328p_xplained_mini/init.o
 .group         0x00000000        0x8 src/ASF/mega/boards/atmega328p_xplained_mini/init.o
 .group         0x00000000        0x8 src/ASF/mega/boards/atmega328p_xplained_mini/init.o
 .group         0x00000000        0x8 src/ASF/mega/boards/atmega328p_xplained_mini/init.o
 .group         0x00000000        0x8 src/ASF/mega/boards/atmega328p_xplained_mini/init.o
 .group         0x00000000        0x8 src/ASF/mega/boards/atmega328p_xplained_mini/init.o
 .group         0x00000000        0x8 src/ASF/mega/boards/atmega328p_xplained_mini/init.o
 .group         0x00000000        0x8 src/ASF/mega/boards/atmega328p_xplained_mini/init.o
 .group         0x00000000        0x8 src/ASF/mega/boards/atmega328p_xplained_mini/init.o
 .group         0x00000000        0x8 src/ASF/mega/boards/atmega328p_xplained_mini/init.o
 .group         0x00000000        0x8 src/ASF/mega/boards/atmega328p_xplained_mini/init.o
 .group         0x00000000        0x8 src/ASF/mega/boards/atmega328p_xplained_mini/init.o
 .group         0x00000000        0x8 src/ASF/mega/boards/atmega328p_xplained_mini/init.o
 .group         0x00000000        0x8 src/ASF/mega/boards/atmega328p_xplained_mini/init.o
 .group         0x00000000        0x8 src/ASF/mega/boards/atmega328p_xplained_mini/init.o
 .group         0x00000000        0x8 src/ASF/mega/boards/atmega328p_xplained_mini/init.o
 .group         0x00000000        0x8 src/ASF/mega/boards/atmega328p_xplained_mini/init.o
 .group         0x00000000        0x8 src/ASF/mega/boards/atmega328p_xplained_mini/init.o
 .group         0x00000000        0x8 src/ASF/mega/boards/atmega328p_xplained_mini/init.o
 .group         0x00000000        0x8 src/ASF/mega/boards/atmega328p_xplained_mini/init.o
 .group         0x00000000        0x8 src/ASF/mega/boards/atmega328p_xplained_mini/init.o
 .group         0x00000000        0x8 src/ASF/mega/boards/atmega328p_xplained_mini/init.o
 .group         0x00000000        0x8 src/ASF/mega/boards/atmega328p_xplained_mini/init.o
 .group         0x00000000        0x8 src/ASF/mega/boards/atmega328p_xplained_mini/init.o
 .group         0x00000000        0x8 src/ASF/mega/boards/atmega328p_xplained_mini/init.o
 .group         0x00000000        0x8 src/ASF/mega/boards/atmega328p_xplained_mini/init.o
 .group         0x00000000        0x8 src/ASF/mega/boards/atmega328p_xplained_mini/init.o
 .group         0x00000000        0x8 src/ASF/mega/boards/atmega328p_xplained_mini/init.o
 .text          0x00000000        0x0 src/ASF/mega/boards/atmega328p_xplained_mini/init.o
 .data          0x00000000        0x0 src/ASF/mega/boards/atmega328p_xplained_mini/init.o
 .bss           0x00000000        0x0 src/ASF/mega/boards/atmega328p_xplained_mini/init.o
 .text.board_init
                0x00000000       0x12 src/ASF/mega/boards/atmega328p_xplained_mini/init.o
 .debug_info    0x00000000      0x282 src/ASF/mega/boards/atmega328p_xplained_mini/init.o
 .debug_abbrev  0x00000000      0x149 src/ASF/mega/boards/atmega328p_xplained_mini/init.o
 .debug_loc     0x00000000       0x50 src/ASF/mega/boards/atmega328p_xplained_mini/init.o
 .debug_aranges
                0x00000000       0x20 src/ASF/mega/boards/atmega328p_xplained_mini/init.o
 .debug_ranges  0x00000000       0x10 src/ASF/mega/boards/atmega328p_xplained_mini/init.o
 .debug_macro   0x00000000      0x17f src/ASF/mega/boards/atmega328p_xplained_mini/init.o
 .debug_macro   0x00000000      0xa48 src/ASF/mega/boards/atmega328p_xplained_mini/init.o
 .debug_macro   0x00000000       0x10 src/ASF/mega/boards/atmega328p_xplained_mini/init.o
 .debug_macro   0x00000000      0x1c9 src/ASF/mega/boards/atmega328p_xplained_mini/init.o
 .debug_macro   0x00000000      0x2fc src/ASF/mega/boards/atmega328p_xplained_mini/init.o
 .debug_macro   0x00000000       0x9e src/ASF/mega/boards/atmega328p_xplained_mini/init.o
 .debug_macro   0x00000000     0x1410 src/ASF/mega/boards/atmega328p_xplained_mini/init.o
 .debug_macro   0x00000000      0x13a src/ASF/mega/boards/atmega328p_xplained_mini/init.o
 .debug_macro   0x00000000       0xbd src/ASF/mega/boards/atmega328p_xplained_mini/init.o
 .debug_macro   0x00000000       0x34 src/ASF/mega/boards/atmega328p_xplained_mini/init.o
 .debug_macro   0x00000000       0x18 src/ASF/mega/boards/atmega328p_xplained_mini/init.o
 .debug_macro   0x00000000       0x6c src/ASF/mega/boards/atmega328p_xplained_mini/init.o
 .debug_macro   0x00000000       0x22 src/ASF/mega/boards/atmega328p_xplained_mini/init.o
 .debug_macro   0x00000000      0x16d src/ASF/mega/boards/atmega328p_xplained_mini/init.o
 .debug_macro   0x00000000       0x1c src/ASF/mega/boards/atmega328p_xplained_mini/init.o
 .debug_macro   0x00000000       0x35 src/ASF/mega/boards/atmega328p_xplained_mini/init.o
 .debug_macro   0x00000000       0x66 src/ASF/mega/boards/atmega328p_xplained_mini/init.o
 .debug_macro   0x00000000      0x708 src/ASF/mega/boards/atmega328p_xplained_mini/init.o
 .debug_macro   0x00000000       0x43 src/ASF/mega/boards/atmega328p_xplained_mini/init.o
 .debug_macro   0x00000000       0x69 src/ASF/mega/boards/atmega328p_xplained_mini/init.o
 .debug_macro   0x00000000       0x2b src/ASF/mega/boards/atmega328p_xplained_mini/init.o
 .debug_macro   0x00000000       0x10 src/ASF/mega/boards/atmega328p_xplained_mini/init.o
 .debug_macro   0x00000000       0xe2 src/ASF/mega/boards/atmega328p_xplained_mini/init.o
 .debug_macro   0x00000000       0x40 src/ASF/mega/boards/atmega328p_xplained_mini/init.o
 .debug_macro   0x00000000      0x100 src/ASF/mega/boards/atmega328p_xplained_mini/init.o
 .debug_macro   0x00000000      0x2d2 src/ASF/mega/boards/atmega328p_xplained_mini/init.o
 .debug_macro   0x00000000       0x56 src/ASF/mega/boards/atmega328p_xplained_mini/init.o
 .debug_macro   0x00000000       0x40 src/ASF/mega/boards/atmega328p_xplained_mini/init.o
 .debug_macro   0x00000000       0x16 src/ASF/mega/boards/atmega328p_xplained_mini/init.o
 .debug_macro   0x00000000       0x58 src/ASF/mega/boards/atmega328p_xplained_mini/init.o
 .debug_line    0x00000000      0x419 src/ASF/mega/boards/atmega328p_xplained_mini/init.o
 .debug_str     0x00000000    0x10a12 src/ASF/mega/boards/atmega328p_xplained_mini/init.o
 .comment       0x00000000       0x31 src/ASF/mega/boards/atmega328p_xplained_mini/init.o
 .debug_frame   0x00000000       0x24 src/ASF/mega/boards/atmega328p_xplained_mini/init.o
 .group         0x00000000        0x8 src/main.o
 .group         0x00000000        0x8 src/main.o
 .group         0x00000000        0x8 src/main.o
 .group         0x00000000        0x8 src/main.o
 .group         0x00000000        0x8 src/main.o
 .group         0x00000000        0x8 src/main.o
 .group         0x00000000        0x8 src/main.o
 .group         0x00000000        0x8 src/main.o
 .group         0x00000000        0x8 src/main.o
 .group         0x00000000        0x8 src/main.o
 .group         0x00000000        0x8 src/main.o
 .group         0x00000000        0x8 src/main.o
 .group         0x00000000        0x8 src/main.o
 .group         0x00000000        0x8 src/main.o
 .group         0x00000000        0x8 src/main.o
 .group         0x00000000        0x8 src/main.o
 .group         0x00000000        0x8 src/main.o
 .group         0x00000000        0x8 src/main.o
 .group         0x00000000        0x8 src/main.o
 .group         0x00000000        0x8 src/main.o
 .group         0x00000000        0x8 src/main.o
 .group         0x00000000        0x8 src/main.o
 .group         0x00000000        0x8 src/main.o
 .group         0x00000000        0x8 src/main.o
 .group         0x00000000        0x8 src/main.o
 .group         0x00000000        0x8 src/main.o
 .group         0x00000000        0x8 src/main.o
 .group         0x00000000        0x8 src/main.o
 .group         0x00000000        0x8 src/main.o
 .text          0x00000000        0x0 src/main.o
 .data          0x00000000        0x0 src/main.o
 .bss           0x00000000        0x0 src/main.o
 .debug_info    0x00000000       0x5a src/main.o
 .debug_abbrev  0x00000000       0x29 src/main.o
 .debug_aranges
                0x00000000       0x18 src/main.o
 .debug_macro   0x00000000      0x17d src/main.o
 .debug_macro   0x00000000      0xa48 src/main.o
 .debug_macro   0x00000000      0x708 src/main.o
 .debug_macro   0x00000000       0x10 src/main.o
 .debug_macro   0x00000000      0x1c9 src/main.o
 .debug_macro   0x00000000      0x2fc src/main.o
 .debug_macro   0x00000000       0x9e src/main.o
 .debug_macro   0x00000000     0x1410 src/main.o
 .debug_macro   0x00000000      0x13a src/main.o
 .debug_macro   0x00000000       0xbd src/main.o
 .debug_macro   0x00000000       0x34 src/main.o
 .debug_macro   0x00000000       0x18 src/main.o
 .debug_macro   0x00000000       0x6c src/main.o
 .debug_macro   0x00000000       0x22 src/main.o
 .debug_macro   0x00000000      0x16d src/main.o
 .debug_macro   0x00000000       0x1c src/main.o
 .debug_macro   0x00000000       0x35 src/main.o
 .debug_macro   0x00000000       0x66 src/main.o
 .debug_macro   0x00000000       0x43 src/main.o
 .debug_macro   0x00000000       0x69 src/main.o
 .debug_macro   0x00000000       0x2b src/main.o
 .debug_macro   0x00000000       0x10 src/main.o
 .debug_macro   0x00000000       0xe2 src/main.o
 .debug_macro   0x00000000       0x40 src/main.o
 .debug_macro   0x00000000      0x100 src/main.o
 .debug_macro   0x00000000       0x56 src/main.o
 .debug_macro   0x00000000       0x40 src/main.o
 .debug_macro   0x00000000      0x2d8 src/main.o
 .debug_macro   0x00000000       0x1c src/main.o
 .debug_macro   0x00000000       0x58 src/main.o
 .debug_line    0x00000000      0x3f8 src/main.o
 .debug_str     0x00000000    0x108ab src/main.o
 .comment       0x00000000       0x31 src/main.o
 .text          0x00000000        0x0 c:/program files (x86)/atmel/studio/7.0/toolchain/avr8/avr8-gnu-toolchain/bin/../lib/gcc/avr/5.4.0/avr5\libgcc.a(_exit.o)
 .data          0x00000000        0x0 c:/program files (x86)/atmel/studio/7.0/toolchain/avr8/avr8-gnu-toolchain/bin/../lib/gcc/avr/5.4.0/avr5\libgcc.a(_exit.o)
 .bss           0x00000000        0x0 c:/program files (x86)/atmel/studio/7.0/toolchain/avr8/avr8-gnu-toolchain/bin/../lib/gcc/avr/5.4.0/avr5\libgcc.a(_exit.o)
 .text.libgcc.mul
                0x00000000        0x0 c:/program files (x86)/atmel/studio/7.0/toolchain/avr8/avr8-gnu-toolchain/bin/../lib/gcc/avr/5.4.0/avr5\libgcc.a(_exit.o)
 .text.libgcc.div
                0x00000000        0x0 c:/program files (x86)/atmel/studio/7.0/toolchain/avr8/avr8-gnu-toolchain/bin/../lib/gcc/avr/5.4.0/avr5\libgcc.a(_exit.o)
 .text.libgcc   0x00000000        0x0 c:/program files (x86)/atmel/studio/7.0/toolchain/avr8/avr8-gnu-toolchain/bin/../lib/gcc/avr/5.4.0/avr5\libgcc.a(_exit.o)
 .text.libgcc.prologue
                0x00000000        0x0 c:/program files (x86)/atmel/studio/7.0/toolchain/avr8/avr8-gnu-toolchain/bin/../lib/gcc/avr/5.4.0/avr5\libgcc.a(_exit.o)
 .text.libgcc.builtins
                0x00000000        0x0 c:/program files (x86)/atmel/studio/7.0/toolchain/avr8/avr8-gnu-toolchain/bin/../lib/gcc/avr/5.4.0/avr5\libgcc.a(_exit.o)
 .text.libgcc.fmul
                0x00000000        0x0 c:/program files (x86)/atmel/studio/7.0/toolchain/avr8/avr8-gnu-toolchain/bin/../lib/gcc/avr/5.4.0/avr5\libgcc.a(_exit.o)
 .text.libgcc.fixed
                0x00000000        0x0 c:/program files (x86)/atmel/studio/7.0/toolchain/avr8/avr8-gnu-toolchain/bin/../lib/gcc/avr/5.4.0/avr5\libgcc.a(_exit.o)
 .text          0x00000000        0x0 c:/program files (x86)/atmel/studio/7.0/toolchain/avr8/avr8-gnu-toolchain/bin/../lib/gcc/avr/5.4.0/avr5\libgcc.a(_copy_data.o)
 .data          0x00000000        0x0 c:/program files (x86)/atmel/studio/7.0/toolchain/avr8/avr8-gnu-toolchain/bin/../lib/gcc/avr/5.4.0/avr5\libgcc.a(_copy_data.o)
 .bss           0x00000000        0x0 c:/program files (x86)/atmel/studio/7.0/toolchain/avr8/avr8-gnu-toolchain/bin/../lib/gcc/avr/5.4.0/avr5\libgcc.a(_copy_data.o)
 .text.libgcc.mul
                0x00000000        0x0 c:/program files (x86)/atmel/studio/7.0/toolchain/avr8/avr8-gnu-toolchain/bin/../lib/gcc/avr/5.4.0/avr5\libgcc.a(_copy_data.o)
 .text.libgcc.div
                0x00000000        0x0 c:/program files (x86)/atmel/studio/7.0/toolchain/avr8/avr8-gnu-toolchain/bin/../lib/gcc/avr/5.4.0/avr5\libgcc.a(_copy_data.o)
 .text.libgcc   0x00000000        0x0 c:/program files (x86)/atmel/studio/7.0/toolchain/avr8/avr8-gnu-toolchain/bin/../lib/gcc/avr/5.4.0/avr5\libgcc.a(_copy_data.o)
 .text.libgcc.prologue
                0x00000000        0x0 c:/program files (x86)/atmel/studio/7.0/toolchain/avr8/avr8-gnu-toolchain/bin/../lib/gcc/avr/5.4.0/avr5\libgcc.a(_copy_data.o)
 .text.libgcc.builtins
                0x00000000        0x0 c:/program files (x86)/atmel/studio/7.0/toolchain/avr8/avr8-gnu-toolchain/bin/../lib/gcc/avr/5.4.0/avr5\libgcc.a(_copy_data.o)
 .text.libgcc.fmul
                0x00000000        0x0 c:/program files (x86)/atmel/studio/7.0/toolchain/avr8/avr8-gnu-toolchain/bin/../lib/gcc/avr/5.4.0/avr5\libgcc.a(_copy_data.o)
 .text.libgcc.fixed
                0x00000000        0x0 c:/program files (x86)/atmel/studio/7.0/toolchain/avr8/avr8-gnu-toolchain/bin/../lib/gcc/avr/5.4.0/avr5\libgcc.a(_copy_data.o)
 .text          0x00000000        0x0 c:/program files (x86)/atmel/studio/7.0/toolchain/avr8/avr8-gnu-toolchain/bin/../lib/gcc/avr/5.4.0/avr5\libgcc.a(_clear_bss.o)
 .data          0x00000000        0x0 c:/program files (x86)/atmel/studio/7.0/toolchain/avr8/avr8-gnu-toolchain/bin/../lib/gcc/avr/5.4.0/avr5\libgcc.a(_clear_bss.o)
 .bss           0x00000000        0x0 c:/program files (x86)/atmel/studio/7.0/toolchain/avr8/avr8-gnu-toolchain/bin/../lib/gcc/avr/5.4.0/avr5\libgcc.a(_clear_bss.o)
 .text.libgcc.mul
                0x00000000        0x0 c:/program files (x86)/atmel/studio/7.0/toolchain/avr8/avr8-gnu-toolchain/bin/../lib/gcc/avr/5.4.0/avr5\libgcc.a(_clear_bss.o)
 .text.libgcc.div
                0x00000000        0x0 c:/program files (x86)/atmel/studio/7.0/toolchain/avr8/avr8-gnu-toolchain/bin/../lib/gcc/avr/5.4.0/avr5\libgcc.a(_clear_bss.o)
 .text.libgcc   0x00000000        0x0 c:/program files (x86)/atmel/studio/7.0/toolchain/avr8/avr8-gnu-toolchain/bin/../lib/gcc/avr/5.4.0/avr5\libgcc.a(_clear_bss.o)
 .text.libgcc.prologue
                0x00000000        0x0 c:/program files (x86)/atmel/studio/7.0/toolchain/avr8/avr8-gnu-toolchain/bin/../lib/gcc/avr/5.4.0/avr5\libgcc.a(_clear_bss.o)
 .text.libgcc.builtins
                0x00000000        0x0 c:/program files (x86)/atmel/studio/7.0/toolchain/avr8/avr8-gnu-toolchain/bin/../lib/gcc/avr/5.4.0/avr5\libgcc.a(_clear_bss.o)
 .text.libgcc.fmul
                0x00000000        0x0 c:/program files (x86)/atmel/studio/7.0/toolchain/avr8/avr8-gnu-toolchain/bin/../lib/gcc/avr/5.4.0/avr5\libgcc.a(_clear_bss.o)
 .text.libgcc.fixed
                0x00000000        0x0 c:/program files (x86)/atmel/studio/7.0/toolchain/avr8/avr8-gnu-toolchain/bin/../lib/gcc/avr/5.4.0/avr5\libgcc.a(_clear_bss.o)
 .text          0x00000000        0x0 c:/program files (x86)/atmel/studio/7.0/toolchain/avr8/avr8-gnu-toolchain/bin/../lib/gcc/avr/5.4.0/../../../../avr/lib/avr5\libc.a(memcpy.o)
 .data          0x00000000        0x0 c:/program files (x86)/atmel/studio/7.0/toolchain/avr8/avr8-gnu-toolchain/bin/../lib/gcc/avr/5.4.0/../../../../avr/lib/avr5\libc.a(memcpy.o)
 .bss           0x00000000        0x0 c:/program files (x86)/atmel/studio/7.0/toolchain/avr8/avr8-gnu-toolchain/bin/../lib/gcc/avr/5.4.0/../../../../avr/lib/avr5\libc.a(memcpy.o)
 .text.avr-libc
                0x00000000       0x12 c:/program files (x86)/atmel/studio/7.0/toolchain/avr8/avr8-gnu-toolchain/bin/../lib/gcc/avr/5.4.0/../../../../avr/lib/avr5\libc.a(memcpy.o)

Memory Configuration

Name             Origin             Length             Attributes
text             0x00000000         0x00008000         xr
data             0x00800100         0x00000800         rw !x
eeprom           0x00810000         0x00000400         rw !x
fuse             0x00820000         0x00000003         rw !x
lock             0x00830000         0x00000400         rw !x
signature        0x00840000         0x00000400         rw !x
user_signatures  0x00850000         0x00000400         rw !x
*default*        0x00000000         0xffffffff

Linker script and memory map

Address of section .data set to 0x800100
LOAD c:/program files (x86)/atmel/studio/7.0/toolchain/avr8/avr8-gnu-toolchain/bin/../lib/gcc/avr/5.4.0/../../../../avr/lib/avr5/crtatmega328p.o
LOAD ArduinoUnoFreertos.o
LOAD Source/croutine.o
LOAD Source/event_groups.o
LOAD Source/list.o
LOAD Source/portable/GCC/Atmega328p/port.o
LOAD Source/portable/MemMang/heap_2.o
LOAD Source/queue.o
LOAD Source/tasks.o
LOAD Source/timers.o
LOAD src/ASF/mega/boards/atmega328p_xplained_mini/init.o
LOAD src/main.o
START GROUP
LOAD c:/program files (x86)/atmel/studio/7.0/toolchain/avr8/avr8-gnu-toolchain/bin/../lib/gcc/avr/5.4.0/../../../../avr/lib/avr5\libm.a
END GROUP
START GROUP
LOAD c:/program files (x86)/atmel/studio/7.0/toolchain/avr8/avr8-gnu-toolchain/bin/../lib/gcc/avr/5.4.0/avr5\libgcc.a
LOAD c:/program files (x86)/atmel/studio/7.0/toolchain/avr8/avr8-gnu-toolchain/bin/../lib/gcc/avr/5.4.0/../../../../avr/lib/avr5\libm.a
LOAD c:/program files (x86)/atmel/studio/7.0/toolchain/avr8/avr8-gnu-toolchain/bin/../lib/gcc/avr/5.4.0/../../../../avr/lib/avr5\libc.a
LOAD c:/program files (x86)/atmel/studio/7.0/toolchain/avr8/avr8-gnu-toolchain/bin/../lib/gcc/avr/5.4.0/../../../../avr/lib/avr5\libatmega328p.a
END GROUP
                0x00000000                __TEXT_REGION_ORIGIN__ = DEFINED (__TEXT_REGION_ORIGIN__)?__TEXT_REGION_ORIGIN__:0x0
                [0x00800100]                __DATA_REGION_ORIGIN__ = DEFINED (__DATA_REGION_ORIGIN__)?__DATA_REGION_ORIGIN__:0x800060
                [0x00008000]                __TEXT_REGION_LENGTH__ = DEFINED (__TEXT_REGION_LENGTH__)?__TEXT_REGION_LENGTH__:0x20000
                [0x00000800]                __DATA_REGION_LENGTH__ = DEFINED (__DATA_REGION_LENGTH__)?__DATA_REGION_LENGTH__:0xffa0
                [0x00000400]                __EEPROM_REGION_LENGTH__ = DEFINED (__EEPROM_REGION_LENGTH__)?__EEPROM_REGION_LENGTH__:0x10000
                [0x00000003]                __FUSE_REGION_LENGTH__ = DEFINED (__FUSE_REGION_LENGTH__)?__FUSE_REGION_LENGTH__:0x400
                0x00000400                __LOCK_REGION_LENGTH__ = DEFINED (__LOCK_REGION_LENGTH__)?__LOCK_REGION_LENGTH__:0x400
                0x00000400                __SIGNATURE_REGION_LENGTH__ = DEFINED (__SIGNATURE_REGION_LENGTH__)?__SIGNATURE_REGION_LENGTH__:0x400
                0x00000400                __USER_SIGNATURE_REGION_LENGTH__ = DEFINED (__USER_SIGNATURE_REGION_LENGTH__)?__USER_SIGNATURE_REGION_LENGTH__:0x400

.hash
 *(.hash)

.dynsym
 *(.dynsym)

.dynstr
 *(.dynstr)

.gnu.version
 *(.gnu.version)

.gnu.version_d
 *(.gnu.version_d)

.gnu.version_r
 *(.gnu.version_r)

.rel.init
 *(.rel.init)

.rela.init
 *(.rela.init)

.rel.text
 *(.rel.text)
 *(.rel.text.*)
 *(.rel.gnu.linkonce.t*)

.rela.text
 *(.rela.text)
 *(.rela.text.*)
 *(.rela.gnu.linkonce.t*)

.rel.fini
 *(.rel.fini)

.rela.fini
 *(.rela.fini)

.rel.rodata
 *(.rel.rodata)
 *(.rel.rodata.*)
 *(.rel.gnu.linkonce.r*)

.rela.rodata
 *(.rela.rodata)
 *(.rela.rodata.*)
 *(.rela.gnu.linkonce.r*)

.rel.data
 *(.rel.data)
 *(.rel.data.*)
 *(.rel.gnu.linkonce.d*)

.rela.data
 *(.rela.data)
 *(.rela.data.*)
 *(.rela.gnu.linkonce.d*)

.rel.ctors
 *(.rel.ctors)

.rela.ctors
 *(.rela.ctors)

.rel.dtors
 *(.rel.dtors)

.rela.dtors
 *(.rela.dtors)

.rel.got
 *(.rel.got)

.rela.got
 *(.rela.got)

.rel.bss
 *(.rel.bss)

.rela.bss
 *(.rela.bss)

.rel.plt
 *(.rel.plt)

.rela.plt
 *(.rela.plt)

.text           0x00000000      0xdce
 *(.vectors)
 .vectors       0x00000000       0x68 c:/program files (x86)/atmel/studio/7.0/toolchain/avr8/avr8-gnu-toolchain/bin/../lib/gcc/avr/5.4.0/../../../../avr/lib/avr5/crtatmega328p.o
                0x00000000                __vector_default
                0x00000000                __vectors
 *(.vectors)
 *(.progmem.gcc*)
                0x00000068                . = ALIGN (0x2)
                0x00000068                __trampolines_start = .
 *(.trampolines)
 .trampolines   0x00000068        0x0 linker stubs
 *(.trampolines*)
                0x00000068                __trampolines_end = .
 *libprintf_flt.a:*(.progmem.data)
 *libc.a:*(.progmem.data)
 *(.progmem*)
                0x00000068                . = ALIGN (0x2)
 *(.jumptables)
 *(.jumptables*)
 *(.lowtext)
 *(.lowtext*)
                0x00000068                __ctors_start = .
 *(.ctors)
                0x00000068                __ctors_end = .
                0x00000068                __dtors_start = .
 *(.dtors)
                0x00000068                __dtors_end = .
 SORT(*)(.ctors)
 SORT(*)(.dtors)
 *(.init0)
 .init0         0x00000068        0x0 c:/program files (x86)/atmel/studio/7.0/toolchain/avr8/avr8-gnu-toolchain/bin/../lib/gcc/avr/5.4.0/../../../../avr/lib/avr5/crtatmega328p.o
                0x00000068                __init
 *(.init0)
 *(.init1)
 *(.init1)
 *(.init2)
 .init2         0x00000068        0xc c:/program files (x86)/atmel/studio/7.0/toolchain/avr8/avr8-gnu-toolchain/bin/../lib/gcc/avr/5.4.0/../../../../avr/lib/avr5/crtatmega328p.o
 *(.init2)
 *(.init3)
 *(.init3)
 *(.init4)
 .init4         0x00000074       0x16 c:/program files (x86)/atmel/studio/7.0/toolchain/avr8/avr8-gnu-toolchain/bin/../lib/gcc/avr/5.4.0/avr5\libgcc.a(_copy_data.o)
                0x00000074                __do_copy_data
 .init4         0x0000008a       0x10 c:/program files (x86)/atmel/studio/7.0/toolchain/avr8/avr8-gnu-toolchain/bin/../lib/gcc/avr/5.4.0/avr5\libgcc.a(_clear_bss.o)
                0x0000008a                __do_clear_bss
 *(.init4)
 *(.init5)
 *(.init5)
 *(.init6)
 *(.init6)
 *(.init7)
 *(.init7)
 *(.init8)
 *(.init8)
 *(.init9)
 .init9         0x0000009a        0x4 c:/program files (x86)/atmel/studio/7.0/toolchain/avr8/avr8-gnu-toolchain/bin/../lib/gcc/avr/5.4.0/../../../../avr/lib/avr5/crtatmega328p.o
 *(.init9)
 *(.text)
 .text          0x0000009e        0x2 c:/program files (x86)/atmel/studio/7.0/toolchain/avr8/avr8-gnu-toolchain/bin/../lib/gcc/avr/5.4.0/../../../../avr/lib/avr5/crtatmega328p.o
                0x0000009e                __vector_22
                0x0000009e                __vector_1
                0x0000009e                __vector_24
                0x0000009e                __vector_12
                0x0000009e                __bad_interrupt
                0x0000009e                __vector_6
                0x0000009e                __vector_3
                0x0000009e                __vector_23
                0x0000009e                __vector_25
                0x0000009e                __vector_13
                0x0000009e                __vector_17
                0x0000009e                __vector_19
                0x0000009e                __vector_7
                0x0000009e                __vector_5
                0x0000009e                __vector_4
                0x0000009e                __vector_9
                0x0000009e                __vector_2
                0x0000009e                __vector_21
                0x0000009e                __vector_15
                0x0000009e                __vector_8
                0x0000009e                __vector_14
                0x0000009e                __vector_10
                0x0000009e                __vector_16
                0x0000009e                __vector_18
                0x0000009e                __vector_20
                0x000000a0                . = ALIGN (0x2)
 *(.text.*)
 .text.vLED1Toggle
                0x000000a0       0x2a ArduinoUnoFreertos.o
                0x000000a0                vLED1Toggle
 .text.vLED2Toggle
                0x000000ca       0x2a ArduinoUnoFreertos.o
                0x000000ca                vLED2Toggle
 .text.main     0x000000f4       0x3c ArduinoUnoFreertos.o
                0x000000f4                main
 .text.vListInitialise
                0x00000130       0x1c Source/list.o
                0x00000130                vListInitialise
 .text.vListInitialiseItem
                0x0000014c        0x8 Source/list.o
                0x0000014c                vListInitialiseItem
 .text.vListInsertEnd
                0x00000154       0x42 Source/list.o
                0x00000154                vListInsertEnd
 .text.vListInsert
                0x00000196       0x62 Source/list.o
                0x00000196                vListInsert
 .text.uxListRemove
                0x000001f8       0x4c Source/list.o
                0x000001f8                uxListRemove
 .text.pxPortInitialiseStack
                0x00000244       0xd8 Source/portable/GCC/Atmega328p/port.o
                0x00000244                pxPortInitialiseStack
 .text.xPortStartScheduler
                0x0000031c       0x74 Source/portable/GCC/Atmega328p/port.o
                0x0000031c                xPortStartScheduler
 .text.vPortYield
                0x00000390       0xb0 Source/portable/GCC/Atmega328p/port.o
                0x00000390                vPortYield
 .text.vPortYieldFromTick
                0x00000440       0xb4 Source/portable/GCC/Atmega328p/port.o
                0x00000440                vPortYieldFromTick
 .text.__vector_11
                0x000004f4        0x4 Source/portable/GCC/Atmega328p/port.o
                0x000004f4                __vector_11
 .text.pvPortMalloc
                0x000004f8      0x130 Source/portable/MemMang/heap_2.o
                0x000004f8                pvPortMalloc
 .text.vPortFree
                0x00000628       0x62 Source/portable/MemMang/heap_2.o
                0x00000628                vPortFree
 .text.prvResetNextTaskUnblockTime
                0x0000068a       0x3e Source/tasks.o
 .text.prvAddCurrentTaskToDelayedList
                0x000006c8       0x6a Source/tasks.o
 .text.xTaskGenericCreate
                0x00000732      0x1f8 Source/tasks.o
                0x00000732                xTaskGenericCreate
 .text.vTaskStartScheduler
                0x0000092a       0x52 Source/tasks.o
                0x0000092a                vTaskStartScheduler
 .text.vTaskSuspendAll
                0x0000097c        0xc Source/tasks.o
                0x0000097c                vTaskSuspendAll
 .text.xTaskGetTickCount
                0x00000988       0x14 Source/tasks.o
                0x00000988                xTaskGetTickCount
 .text.xTaskIncrementTick
                0x0000099c      0x172 Source/tasks.o
                0x0000099c                xTaskIncrementTick
 .text.xTaskResumeAll
                0x00000b0e       0xfa Source/tasks.o
                0x00000b0e                xTaskResumeAll
 .text.vTaskDelayUntil
                0x00000c08       0x7a Source/tasks.o
                0x00000c08                vTaskDelayUntil
 .text.prvIdleTask
                0x00000c82       0x6e Source/tasks.o
 .text.vTaskSwitchContext
                0x00000cf0       0xda Source/tasks.o
                0x00000cf0                vTaskSwitchContext
                0x00000dca                . = ALIGN (0x2)
 *(.fini9)
 .fini9         0x00000dca        0x0 c:/program files (x86)/atmel/studio/7.0/toolchain/avr8/avr8-gnu-toolchain/bin/../lib/gcc/avr/5.4.0/avr5\libgcc.a(_exit.o)
                0x00000dca                _exit
                0x00000dca                exit
 *(.fini9)
 *(.fini8)
 *(.fini8)
 *(.fini7)
 *(.fini7)
 *(.fini6)
 *(.fini6)
 *(.fini5)
 *(.fini5)
 *(.fini4)
 *(.fini4)
 *(.fini3)
 *(.fini3)
 *(.fini2)
 *(.fini2)
 *(.fini1)
 *(.fini1)
 *(.fini0)
 .fini0         0x00000dca        0x4 c:/program files (x86)/atmel/studio/7.0/toolchain/avr8/avr8-gnu-toolchain/bin/../lib/gcc/avr/5.4.0/avr5\libgcc.a(_exit.o)
 *(.fini0)
                0x00000dce                _etext = .

.data           0x00800100       0x14 load address 0x00000dce
                0x00800100                PROVIDE (__data_start, .)
 *(.data)
 *(.data*)
 .data.xFreeBytesRemaining
                0x00800100        0x2 Source/portable/MemMang/heap_2.o
 .data.xNextTaskUnblockTime
                0x00800102        0x2 Source/tasks.o
 *(.gnu.linkonce.d*)
 *(.rodata)
 *(.rodata*)
 .rodata.str1.1
                0x00800104        0xa ArduinoUnoFreertos.o
 .rodata.str1.1
                0x0080010e        0x5 Source/tasks.o
 *(.gnu.linkonce.r*)
                0x00800114                . = ALIGN (0x2)
 *fill*         0x00800113        0x1 
                0x00800114                _edata = .
                0x00800114                PROVIDE (__data_end, .)

.bss            0x00800114      0x63e
                0x00800114                PROVIDE (__bss_start, .)
 *(.bss)
 *(.bss*)
 .bss.xHeapHasBeenInitialised.2022
                0x00800114        0x1 Source/portable/MemMang/heap_2.o
 .bss.xEnd      0x00800115        0x4 Source/portable/MemMang/heap_2.o
 .bss.xStart    0x00800119        0x4 Source/portable/MemMang/heap_2.o
 .bss.ucHeap    0x0080011d      0x5dc Source/portable/MemMang/heap_2.o
 .bss.uxSchedulerSuspended
                0x008006f9        0x1 Source/tasks.o
 .bss.uxTaskNumber
                0x008006fa        0x1 Source/tasks.o
 .bss.xNumOfOverflows
                0x008006fb        0x1 Source/tasks.o
 .bss.xYieldPending
                0x008006fc        0x1 Source/tasks.o
 .bss.uxPendedTicks
                0x008006fd        0x1 Source/tasks.o
 .bss.xSchedulerRunning
                0x008006fe        0x1 Source/tasks.o
 .bss.uxTopReadyPriority
                0x008006ff        0x1 Source/tasks.o
 .bss.xTickCount
                0x00800700        0x2 Source/tasks.o
 .bss.uxCurrentNumberOfTasks
                0x00800702        0x1 Source/tasks.o
 .bss.uxTasksDeleted
                0x00800703        0x1 Source/tasks.o
 .bss.xTasksWaitingTermination
                0x00800704        0x9 Source/tasks.o
 .bss.xPendingReadyList
                0x0080070d        0x9 Source/tasks.o
 .bss.pxOverflowDelayedTaskList
                0x00800716        0x2 Source/tasks.o
 .bss.pxDelayedTaskList
                0x00800718        0x2 Source/tasks.o
 .bss.xDelayedTaskList2
                0x0080071a        0x9 Source/tasks.o
 .bss.xDelayedTaskList1
                0x00800723        0x9 Source/tasks.o
 .bss.pxReadyTasksLists
                0x0080072c       0x24 Source/tasks.o
 .bss.pxCurrentTCB
                0x00800750        0x2 Source/tasks.o
                0x00800750                pxCurrentTCB
 *(COMMON)
                0x00800752                PROVIDE (__bss_end, .)
                0x00000dce                __data_load_start = LOADADDR (.data)
                0x00000de2                __data_load_end = (__data_load_start + SIZEOF (.data))

.noinit         0x00800752        0x0
                [!provide]                PROVIDE (__noinit_start, .)
 *(.noinit*)
                [!provide]                PROVIDE (__noinit_end, .)
                0x00800752                _end = .
                [!provide]                PROVIDE (__heap_start, .)

.eeprom         0x00810000        0x0
 *(.eeprom*)
                0x00810000                __eeprom_end = .

.fuse
 *(.fuse)
 *(.lfuse)
 *(.hfuse)
 *(.efuse)

.lock
 *(.lock*)

.signature
 *(.signature*)

.user_signatures
 *(.user_signatures*)

.stab
 *(.stab)

.stabstr
 *(.stabstr)

.stab.excl
 *(.stab.excl)

.stab.exclstr
 *(.stab.exclstr)

.stab.index
 *(.stab.index)

.stab.indexstr
 *(.stab.indexstr)

.comment        0x00000000       0x30
 *(.comment)
 .comment       0x00000000       0x30 ArduinoUnoFreertos.o
                                 0x31 (size before relaxing)
 .comment       0x00000030       0x31 Source/list.o
 .comment       0x00000030       0x31 Source/portable/GCC/Atmega328p/port.o
 .comment       0x00000030       0x31 Source/portable/MemMang/heap_2.o
 .comment       0x00000030       0x31 Source/tasks.o

.note.gnu.avr.deviceinfo
                0x00000000       0x40
 .note.gnu.avr.deviceinfo
                0x00000000       0x40 c:/program files (x86)/atmel/studio/7.0/toolchain/avr8/avr8-gnu-toolchain/bin/../lib/gcc/avr/5.4.0/../../../../avr/lib/avr5/crtatmega328p.o

.note.gnu.build-id
 *(.note.gnu.build-id)

.debug
 *(.debug)

.line
 *(.line)

.debug_srcinfo
 *(.debug_srcinfo)

.debug_sfnames
 *(.debug_sfnames)

.debug_aranges  0x00000000      0x1f0
 *(.debug_aranges)
 .debug_aranges
                0x00000000       0x30 ArduinoUnoFreertos.o
 .debug_aranges
                0x00000030       0x40 Source/list.o
 .debug_aranges
                0x00000070       0x48 Source/portable/GCC/Atmega328p/port.o
 .debug_aranges
                0x000000b8       0x38 Source/portable/MemMang/heap_2.o
 .debug_aranges
                0x000000f0      0x100 Source/tasks.o

.debug_pubnames
 *(.debug_pubnames)

.debug_info     0x00000000     0x2890
 *(.debug_info .gnu.linkonce.wi.*)
 .debug_info    0x00000000      0x5f4 c:/program files (x86)/atmel/studio/7.0/toolchain/avr8/avr8-gnu-toolchain/bin/../lib/gcc/avr/5.4.0/../../../../avr/lib/avr5/crtatmega328p.o
 .debug_info    0x000005f4      0x2d4 ArduinoUnoFreertos.o
 .debug_info    0x000008c8      0x2ca Source/list.o
 .debug_info    0x00000b92      0x267 Source/portable/GCC/Atmega328p/port.o
 .debug_info    0x00000df9      0x33e Source/portable/MemMang/heap_2.o
 .debug_info    0x00001137     0x1759 Source/tasks.o

.debug_abbrev   0x00000000      0xd91
 *(.debug_abbrev)
 .debug_abbrev  0x00000000      0x5a2 c:/program files (x86)/atmel/studio/7.0/toolchain/avr8/avr8-gnu-toolchain/bin/../lib/gcc/avr/5.4.0/../../../../avr/lib/avr5/crtatmega328p.o
 .debug_abbrev  0x000005a2       0xde ArduinoUnoFreertos.o
 .debug_abbrev  0x00000680       0xfb Source/list.o
 .debug_abbrev  0x0000077b      0x158 Source/portable/GCC/Atmega328p/port.o
 .debug_abbrev  0x000008d3      0x1bd Source/portable/MemMang/heap_2.o
 .debug_abbrev  0x00000a90      0x301 Source/tasks.o

.debug_line     0x00000000     0x1de6
 *(.debug_line .debug_line.* .debug_line_end)
 .debug_line    0x00000000       0x1a c:/program files (x86)/atmel/studio/7.0/toolchain/avr8/avr8-gnu-toolchain/bin/../lib/gcc/avr/5.4.0/../../../../avr/lib/avr5/crtatmega328p.o
 .debug_line    0x0000001a      0x355 ArduinoUnoFreertos.o
 .debug_line    0x0000036f      0x3d1 Source/list.o
 .debug_line    0x00000740      0x4a2 Source/portable/GCC/Atmega328p/port.o
 .debug_line    0x00000be2      0x42d Source/portable/MemMang/heap_2.o
 .debug_line    0x0000100f      0xdd7 Source/tasks.o

.debug_frame    0x00000000      0x5b8
 *(.debug_frame)
 .debug_frame   0x00000000       0x64 ArduinoUnoFreertos.o
 .debug_frame   0x00000064       0x88 Source/list.o
 .debug_frame   0x000000ec       0x74 Source/portable/GCC/Atmega328p/port.o
 .debug_frame   0x00000160       0x7c Source/portable/MemMang/heap_2.o
 .debug_frame   0x000001dc      0x3dc Source/tasks.o

.debug_str      0x00000000     0xc17f
 *(.debug_str)
 .debug_str     0x00000000      0x208 c:/program files (x86)/atmel/studio/7.0/toolchain/avr8/avr8-gnu-toolchain/bin/../lib/gcc/avr/5.4.0/../../../../avr/lib/avr5/crtatmega328p.o
 .debug_str     0x00000208     0x9995 ArduinoUnoFreertos.o
                               0x9ac7 (size before relaxing)
 .debug_str     0x00009b9d      0x31f Source/list.o
                               0x97ae (size before relaxing)
 .debug_str     0x00009ebc      0x910 Source/portable/GCC/Atmega328p/port.o
                               0xa558 (size before relaxing)
 .debug_str     0x0000a7cc      0x3bb Source/portable/MemMang/heap_2.o
                               0x9fee (size before relaxing)
 .debug_str     0x0000ab87     0x15f8 Source/tasks.o
                               0xb4dc (size before relaxing)

.debug_loc      0x00000000     0x2010
 *(.debug_loc)
 .debug_loc     0x00000000       0xdc ArduinoUnoFreertos.o
 .debug_loc     0x000000dc      0x145 Source/list.o
 .debug_loc     0x00000221      0x2a0 Source/portable/GCC/Atmega328p/port.o
 .debug_loc     0x000004c1      0x2ef Source/portable/MemMang/heap_2.o
 .debug_loc     0x000007b0     0x1860 Source/tasks.o

.debug_macinfo
 *(.debug_macinfo)

.debug_weaknames
 *(.debug_weaknames)

.debug_funcnames
 *(.debug_funcnames)

.debug_typenames
 *(.debug_typenames)

.debug_varnames
 *(.debug_varnames)

.debug_pubtypes
 *(.debug_pubtypes)

.debug_ranges   0x00000000      0x218
 *(.debug_ranges)
 .debug_ranges  0x00000000       0x20 ArduinoUnoFreertos.o
 .debug_ranges  0x00000020       0x30 Source/list.o
 .debug_ranges  0x00000050       0x38 Source/portable/GCC/Atmega328p/port.o
 .debug_ranges  0x00000088       0x28 Source/portable/MemMang/heap_2.o
 .debug_ranges  0x000000b0      0x168 Source/tasks.o

.debug_macro    0x00000000     0x35be
 *(.debug_macro)
 .debug_macro   0x00000000       0xfd ArduinoUnoFreertos.o
 .debug_macro   0x000000fd      0xa48 ArduinoUnoFreertos.o
 .debug_macro   0x00000b45       0x8e ArduinoUnoFreertos.o
 .debug_macro   0x00000bd3      0x16d ArduinoUnoFreertos.o
 .debug_macro   0x00000d40      0x1c9 ArduinoUnoFreertos.o
 .debug_macro   0x00000f09       0x5e ArduinoUnoFreertos.o
 .debug_macro   0x00000f67       0x10 ArduinoUnoFreertos.o
 .debug_macro   0x00000f77      0x302 ArduinoUnoFreertos.o
 .debug_macro   0x00001279       0x9e ArduinoUnoFreertos.o
 .debug_macro   0x00001317     0x1410 ArduinoUnoFreertos.o
 .debug_macro   0x00002727      0x13a ArduinoUnoFreertos.o
 .debug_macro   0x00002861       0xbd ArduinoUnoFreertos.o
 .debug_macro   0x0000291e       0x34 ArduinoUnoFreertos.o
 .debug_macro   0x00002952       0x18 ArduinoUnoFreertos.o
 .debug_macro   0x0000296a       0x6c ArduinoUnoFreertos.o
 .debug_macro   0x000029d6       0x69 ArduinoUnoFreertos.o
 .debug_macro   0x00002a3f       0x7e ArduinoUnoFreertos.o
 .debug_macro   0x00002abd       0x10 ArduinoUnoFreertos.o
 .debug_macro   0x00002acd       0x1f ArduinoUnoFreertos.o
 .debug_macro   0x00002aec      0x409 ArduinoUnoFreertos.o
 .debug_macro   0x00002ef5       0xc0 ArduinoUnoFreertos.o
 .debug_macro   0x00002fb5       0x8c ArduinoUnoFreertos.o
 .debug_macro   0x00003041      0x105 Source/list.o
 .debug_macro   0x00003146       0x35 Source/list.o
 .debug_macro   0x0000317b      0x13f Source/portable/GCC/Atmega328p/port.o
 .debug_macro   0x000032ba      0x133 Source/portable/MemMang/heap_2.o
 .debug_macro   0x000033ed      0x1bb Source/tasks.o
 .debug_macro   0x000035a8       0x16 Source/tasks.o
OUTPUT(ArduinoUnoFreertos_6_1.elf elf32-avr)
LOAD linker stubs
